#
# There is insufficient memory for the Java Runtime Environment to continue.
# Native memory allocation (mmap) failed to map 264241152 bytes. Error detail: G1 virtual space
# Possible reasons:
#   The system is out of physical RAM or swap space
#   This process is running with CompressedOops enabled, and the Java Heap may be blocking the growth of the native heap
# Possible solutions:
#   Reduce memory load on the system
#   Increase physical memory or swap space
#   Check if swap backing store is full
#   Decrease Java heap size (-Xmx/-Xms)
#   Decrease number of Java threads
#   Decrease Java thread stack sizes (-Xss)
#   Set larger code cache with -XX:ReservedCodeCacheSize=
#   JVM is running with Zero Based Compressed Oops mode in which the Java heap is
#     placed in the first 32GB address space. The Java Heap base address is the
#     maximum limit for the native heap growth. Please use -XX:HeapBaseMinAddress
#     to set the Java Heap base and to place the Java Heap above 32GB virtual address.
# This output file may be truncated or incomplete.
#
#  Out of Memory Error (os_windows.cpp:3564), pid=4416, tid=11300
#
# JRE version:  (24.0+36) (build )
# Java VM: Java HotSpot(TM) 64-Bit Server VM (24+36-3646, mixed mode, sharing, tiered, compressed oops, compressed class ptrs, g1 gc, windows-amd64)
# No core dump will be written. Minidumps are not enabled by default on client versions of Windows
#

---------------  S U M M A R Y ------------

Command Line: -Dclassworlds.conf=C:\Program Files\NetBeans-25\netbeans\java\maven\bin\m2.conf -Dmaven.home=C:\Program Files\NetBeans-25\netbeans\java\maven -Dlibrary.jansi.path=C:\Program Files\NetBeans-25\netbeans\java\maven\lib\jansi-native -Dmaven.multiModuleProjectDirectory=C:\Users\Lab01.Lab1.000\Documents\NetBeansProjects\ParkingSystem org.codehaus.plexus.classworlds.launcher.Launcher -Dexec.vmArgs= -Dexec.args=${exec.vmArgs} -classpath %classpath ${exec.mainClass} ${exec.appArgs} -Dexec.appArgs= -Dexec.mainClass=com.ucr.parkingsystem.ParkingSystem -Dexec.executable=C:\Program Files\Java\jdk-24\bin\java.exe -Dmaven.ext.class.path=C:\Program Files\NetBeans-25\netbeans\java\maven-nblib\netbeans-eventspy.jar --no-transfer-progress process-classes org.codehaus.mojo:exec-maven-plugin:3.1.0:exec

Host: Intel(R) Core(TM) i7-14700, 28 cores, 15G,  Windows 11 , 64 bit Build 26100 (10.0.26100.7309)
Time: Mon Jan 12 16:24:27 2026 Hora estándar, América Central elapsed time: 1.042178 seconds (0d 0h 0m 1s)

---------------  T H R E A D  ---------------

Current thread (0x00000178c0353d20):  JavaThread "Unknown thread" [_thread_in_vm, id=11300, stack(0x0000004664500000,0x0000004664600000) (1024K)]

Stack: [0x0000004664500000,0x0000004664600000]
Native frames: (J=compiled Java code, j=interpreted, Vv=VM code, C=native code)
V  [jvm.dll+0x7308c9]  (no source info available)
V  [jvm.dll+0x8d9ca3]  (no source info available)
V  [jvm.dll+0x8dc13d]  (no source info available)
V  [jvm.dll+0x8dc7b3]  (no source info available)
V  [jvm.dll+0x2aa046]  (no source info available)
V  [jvm.dll+0x72cdf5]  (no source info available)
V  [jvm.dll+0x72091a]  (no source info available)
V  [jvm.dll+0x390d8a]  (no source info available)
V  [jvm.dll+0x398a96]  (no source info available)
V  [jvm.dll+0x3852de]  (no source info available)
V  [jvm.dll+0x385598]  (no source info available)
V  [jvm.dll+0x35d16c]  (no source info available)
V  [jvm.dll+0x35de2d]  (no source info available)
V  [jvm.dll+0x89d41f]  (no source info available)
V  [jvm.dll+0x3f98fd]  (no source info available)
V  [jvm.dll+0x885a76]  (no source info available)
V  [jvm.dll+0x49604e]  (no source info available)
V  [jvm.dll+0x497e21]  (no source info available)
C  [jli.dll+0x52a1]  (no source info available)
C  [ucrtbase.dll+0x37b0]  (no source info available)
C  [KERNEL32.DLL+0x2e8d7]  (no source info available)
C  [ntdll.dll+0x8c53c]  (no source info available)

Lock stack of current Java thread (top to bottom):


---------------  P R O C E S S  ---------------

Threads class SMR info:
_java_thread_list=0x00007ffc847bf318, length=0, elements={
}

Java Threads: ( => current thread )
Total: 0

Other Threads:
  0x00000178c29dc2f0 WorkerThread "GC Thread#0"                     [id=16644, stack(0x0000004664600000,0x0000004664700000) (1024K)]
  0x00000178c29f19e0 ConcurrentGCThread "G1 Main Marker"            [id=19112, stack(0x0000004664700000,0x0000004664800000) (1024K)]
  0x00000178c29f2ba0 WorkerThread "G1 Conc#0"                       [id=19524, stack(0x0000004664800000,0x0000004664900000) (1024K)]

[error occurred during error reporting (printing all threads), id 0xc0000005, EXCEPTION_ACCESS_VIOLATION (0xc0000005) at pc=0x00007ffc83ef158a]
VM state: not at safepoint (not fully initialized)

VM Mutex/Monitor currently owned by a thread:  ([mutex/lock_event])
[0x00007ffc848445c0] Heap_lock - owner thread: 0x00000178c0353d20

Heap address: 0x0000000705e00000, size: 4002 MB, Compressed Oops mode: Zero based, Oop shift amount: 3

CDS archive(s) mapped at: [0x0000000000000000-0x0000000000000000-0x0000000000000000), size 0, SharedBaseAddress: 0x0000000800000000, ArchiveRelocationMode: 1.
UseCompressedClassPointers 1, UseCompactObjectHeaders 0
Narrow klass pointer bits 32, Max shift 3
Narrow klass base: 0xffffffffffffffff, Narrow klass shift: -1
Encoding Range: [0xffffffffffffffff - 0x000000007fffffff), (2147483648 bytes)
Klass Range:    [0x0000000000000000 - 0x0000000000000000), (0 bytes)
Klass ID Range:  [4294967295 - 0) (1)

GC Precious Log:
 CardTable entry size: 512
 Card Set container configuration: InlinePtr #cards 4 size 8 Array Of Cards #cards 16 size 48 Howl #buckets 8 coarsen threshold 3686 Howl Bitmap #cards 512 size 80 coarsen threshold 460 Card regions per heap region 1 cards per card region 4096

Heap:
 garbage-first heap   total reserved 4098048K, committed 0K, used 0K [0x0000000705e00000, 0x0000000800000000)
  region size 2048K, 0 young (0K), 0 survivors (0K)

[error occurred during error reporting (printing heap information), id 0xc0000005, EXCEPTION_ACCESS_VIOLATION (0xc0000005) at pc=0x00007ffc8430e579]
GC Heap History (0 events):
No events

Dll operation events (1 events):
Event: 0.006 Loaded shared library C:\Program Files\Java\jdk-24\bin\java.dll

Deoptimization events (0 events):
No events

Classes loaded (0 events):
No events

Classes unloaded (0 events):
No events

Classes redefined (0 events):
No events

Internal exceptions (0 events):
No events

VM Operations (0 events):
No events

Memory protections (0 events):
No events

Nmethod flushes (0 events):
No events

Events (0 events):
No events


Dynamic libraries:
0x00007ff6c62e0000 - 0x00007ff6c62f0000 	C:\Program Files\Java\jdk-24\bin\java.exe
0x00007ffca6700000 - 0x00007ffca6967000 	C:\Windows\SYSTEM32\ntdll.dll
0x00007ffca55d0000 - 0x00007ffca5699000 	C:\Windows\System32\KERNEL32.DLL
0x00007ffca3f10000 - 0x00007ffca42ff000 	C:\Windows\System32\KERNELBASE.dll
0x00007ffca3c90000 - 0x00007ffca3ddb000 	C:\Windows\System32\ucrtbase.dll
0x00007ffc890b0000 - 0x00007ffc890c6000 	C:\Program Files\Java\jdk-24\bin\jli.dll
0x00007ffc9e1e0000 - 0x00007ffc9e1fb000 	C:\Program Files\Java\jdk-24\bin\VCRUNTIME140.dll
0x00007ffca5d10000 - 0x00007ffca5ed5000 	C:\Windows\System32\USER32.dll
0x00007ffca4470000 - 0x00007ffca4497000 	C:\Windows\System32\win32u.dll
0x00007ffc768f0000 - 0x00007ffc76b83000 	C:\Windows\WinSxS\amd64_microsoft.windows.common-controls_6595b64144ccf1df_6.0.26100.7309_none_3e05feeae336a044\COMCTL32.dll
0x00007ffca44a0000 - 0x00007ffca44cb000 	C:\Windows\System32\GDI32.dll
0x00007ffca5ff0000 - 0x00007ffca6099000 	C:\Windows\System32\msvcrt.dll
0x00007ffca3de0000 - 0x00007ffca3f0c000 	C:\Windows\System32\gdi32full.dll
0x00007ffca4310000 - 0x00007ffca43b3000 	C:\Windows\System32\msvcp_win.dll
0x00007ffca5bd0000 - 0x00007ffca5c01000 	C:\Windows\System32\IMM32.DLL
0x00007ffc9e250000 - 0x00007ffc9e25c000 	C:\Program Files\Java\jdk-24\bin\vcruntime140_1.dll
0x00007ffc89190000 - 0x00007ffc8921e000 	C:\Program Files\Java\jdk-24\bin\msvcp140.dll
0x00007ffc83b80000 - 0x00007ffc84922000 	C:\Program Files\Java\jdk-24\bin\server\jvm.dll
0x00007ffca4840000 - 0x00007ffca48f4000 	C:\Windows\System32\ADVAPI32.dll
0x00007ffca44d0000 - 0x00007ffca4576000 	C:\Windows\System32\sechost.dll
0x00007ffca4720000 - 0x00007ffca4838000 	C:\Windows\System32\RPCRT4.dll
0x00007ffca5f50000 - 0x00007ffca5fc4000 	C:\Windows\System32\WS2_32.dll
0x00007ffca36d0000 - 0x00007ffca372e000 	C:\Windows\SYSTEM32\POWRPROF.dll
0x00007ffc9c3f0000 - 0x00007ffc9c3fb000 	C:\Windows\SYSTEM32\VERSION.dll
0x00007ffc99840000 - 0x00007ffc99875000 	C:\Windows\SYSTEM32\WINMM.dll
0x00007ffca3690000 - 0x00007ffca36a4000 	C:\Windows\SYSTEM32\UMPDC.dll
0x00007ffca2600000 - 0x00007ffca261b000 	C:\Windows\SYSTEM32\kernel.appcore.dll
0x00007ffc9e210000 - 0x00007ffc9e21a000 	C:\Program Files\Java\jdk-24\bin\jimage.dll
0x00007ffca1030000 - 0x00007ffca1272000 	C:\Windows\SYSTEM32\DBGHELP.DLL
0x00007ffca5840000 - 0x00007ffca5bc5000 	C:\Windows\System32\combase.dll
0x00007ffca4630000 - 0x00007ffca4706000 	C:\Windows\System32\OLEAUT32.dll
0x00007ffc8bac0000 - 0x00007ffc8bafc000 	C:\Windows\SYSTEM32\dbgcore.DLL
0x00007ffca43c0000 - 0x00007ffca4465000 	C:\Windows\System32\bcryptPrimitives.dll
0x00007ffc9e180000 - 0x00007ffc9e19e000 	C:\Program Files\Java\jdk-24\bin\java.dll
0x00007ffca56a0000 - 0x00007ffca5837000 	C:\Windows\System32\ole32.dll
0x00007ffca4e70000 - 0x00007ffca55c3000 	C:\Windows\System32\SHELL32.dll
0x00007ffca3850000 - 0x00007ffca39ba000 	C:\Windows\System32\wintypes.dll

dbghelp: loaded successfully - version: 4.0.5 - missing functions: none
symbol engine: initialized successfully - sym options: 0x614 - pdb path: .;C:\Program Files\Java\jdk-24\bin;C:\Windows\SYSTEM32;C:\Windows\WinSxS\amd64_microsoft.windows.common-controls_6595b64144ccf1df_6.0.26100.7309_none_3e05feeae336a044;C:\Program Files\Java\jdk-24\bin\server

VM Arguments:
jvm_args: -Dclassworlds.conf=C:\Program Files\NetBeans-25\netbeans\java\maven\bin\m2.conf -Dmaven.home=C:\Program Files\NetBeans-25\netbeans\java\maven -Dlibrary.jansi.path=C:\Program Files\NetBeans-25\netbeans\java\maven\lib\jansi-native -Dmaven.multiModuleProjectDirectory=C:\Users\Lab01.Lab1.000\Documents\NetBeansProjects\ParkingSystem 
java_command: org.codehaus.plexus.classworlds.launcher.Launcher -Dexec.vmArgs= -Dexec.args=${exec.vmArgs} -classpath %classpath ${exec.mainClass} ${exec.appArgs} -Dexec.appArgs= -Dexec.mainClass=com.ucr.parkingsystem.ParkingSystem -Dexec.executable=C:\Program Files\Java\jdk-24\bin\java.exe -Dmaven.ext.class.path=C:\Program Files\NetBeans-25\netbeans\java\maven-nblib\netbeans-eventspy.jar --no-transfer-progress process-classes org.codehaus.mojo:exec-maven-plugin:3.1.0:exec
java_class_path (initial): C:\Program Files\NetBeans-25\netbeans\java\maven\boot\plexus-classworlds-2.8.0.jar
Launcher Type: SUN_STANDARD

[Global flags]
     intx CICompilerCount                          = 12                                        {product} {ergonomic}
     uint ConcGCThreads                            = 5                                         {product} {ergonomic}
     uint G1ConcRefinementThreads                  = 20                                        {product} {ergonomic}
   size_t G1HeapRegionSize                         = 2097152                                   {product} {ergonomic}
   size_t InitialHeapSize                          = 264241152                                 {product} {ergonomic}
   size_t MarkStackSize                            = 4194304                                   {product} {ergonomic}
   size_t MarkStackSizeMax                         = 536870912                                 {product} {ergonomic}
   size_t MaxHeapSize                              = 4196401152                                {product} {ergonomic}
   size_t MinHeapDeltaBytes                        = 2097152                                   {product} {ergonomic}
   size_t MinHeapSize                              = 8388608                                   {product} {ergonomic}
    uintx NonNMethodCodeHeapSize                   = 7602176                                {pd product} {ergonomic}
    uintx NonProfiledCodeHeapSize                  = 122093568                              {pd product} {ergonomic}
    uintx ProfiledCodeHeapSize                     = 121962496                              {pd product} {ergonomic}
    uintx ReservedCodeCacheSize                    = 251658240                              {pd product} {ergonomic}
     bool SegmentedCodeCache                       = true                                      {product} {ergonomic}
   size_t SoftMaxHeapSize                          = 4196401152                             {manageable} {ergonomic}
     bool UseCompressedOops                        = true                           {product lp64_product} {ergonomic}
     bool UseG1GC                                  = true                                      {product} {ergonomic}
     bool UseLargePagesIndividualAllocation        = false                                  {pd product} {ergonomic}

Logging:
Log output configuration:
 #0: stdout all=warning uptime,level,tags foldmultilines=false
 #1: stderr all=off uptime,level,tags foldmultilines=false

Environment Variables:
JAVA_HOME=C:\Program Files\Java\jdk-24
PATH=C:\Python313\Scripts\;C:\Python313\;C:\Program Files\Common Files\Oracle\Java\javapath;C:\Windows\system32;C:\Windows;C:\Windows\System32\Wbem;C:\Windows\System32\WindowsPowerShell\v1.0\;C:\Windows\System32\OpenSSH\;C:\Program Files\Docker\Docker\resources\bin;C:\Program Files\dotnet\;C:\Program Files\nodejs\;C:\ProgramData\chocolatey\bin;C:\Program Files (x86)\Microsoft SQL Server\160\DTS\Binn\;C:\Program Files\Microsoft SQL Server\150\Tools\Binn\;C:\Program Files\Microsoft SQL Server\Client SDK\ODBC\170\Tools\Binn\;C:\Program Files (x86)\Windows Kits\10\Windows Performance Toolkit\;C:\Program Files\Git\cmd;C:\Users\Lab01.Lab1.000\AppData\Local\Microsoft\WindowsApps;
USERNAME=Lab01
OS=Windows_NT
PROCESSOR_IDENTIFIER=Intel64 Family 6 Model 183 Stepping 1, GenuineIntel
TMP=C:\Users\LAB01L~1.000\AppData\Local\Temp
TEMP=C:\Users\LAB01L~1.000\AppData\Local\Temp




Periodic native trim disabled

---------------  S Y S T E M  ---------------

OS:
 Windows 11 , 64 bit Build 26100 (10.0.26100.7309)
OS uptime: 5 days 0:16 hours
Hyper-V role detected

CPU: total 28 (initial active 28) (14 cores per cpu, 2 threads per core) family 6 model 183 stepping 1 microcode 0x12b, cx8, cmov, fxsr, ht, mmx, 3dnowpref, sse, sse2, sse3, ssse3, sse4.1, sse4.2, popcnt, lzcnt, tsc, tscinvbit, avx, avx2, aes, erms, clmul, bmi1, bmi2, adx, sha, fma, vzeroupper, clflush, clflushopt, clwb, hv, serialize, rdtscp, rdpid, fsrm, gfni, f16c, cet_ibt, cet_ss
Processor Information for processor 0
  Max Mhz: 2100, Current Mhz: 2100, Mhz Limit: 2100
Processor Information for processor 1
  Max Mhz: 2100, Current Mhz: 2100, Mhz Limit: 2100
Processor Information for processor 2
  Max Mhz: 2100, Current Mhz: 2100, Mhz Limit: 2100
Processor Information for processor 3
  Max Mhz: 2100, Current Mhz: 2100, Mhz Limit: 2100
Processor Information for processor 4
  Max Mhz: 2100, Current Mhz: 2100, Mhz Limit: 2100
Processor Information for processor 5
  Max Mhz: 2100, Current Mhz: 2100, Mhz Limit: 2100
Processor Information for processor 6
  Max Mhz: 2100, Current Mhz: 2100, Mhz Limit: 2100
Processor Information for processor 7
  Max Mhz: 2100, Current Mhz: 2100, Mhz Limit: 2100
Processor Information for processor 8
  Max Mhz: 2100, Current Mhz: 2100, Mhz Limit: 2100
Processor Information for processor 9
  Max Mhz: 2100, Current Mhz: 2100, Mhz Limit: 2100
Processor Information for processor 10
  Max Mhz: 2100, Current Mhz: 2100, Mhz Limit: 2100
Processor Information for processor 11
  Max Mhz: 2100, Current Mhz: 2100, Mhz Limit: 2100
Processor Information for processor 12
  Max Mhz: 2100, Current Mhz: 2100, Mhz Limit: 2100
Processor Information for processor 13
  Max Mhz: 2100, Current Mhz: 2100, Mhz Limit: 2100
Processor Information for processor 14
  Max Mhz: 2100, Current Mhz: 2100, Mhz Limit: 2100
Processor Information for processor 15
  Max Mhz: 2100, Current Mhz: 2100, Mhz Limit: 2100
Processor Information for processor 16
  Max Mhz: 2100, Current Mhz: 1500, Mhz Limit: 1491
Processor Information for processor 17
  Max Mhz: 2100, Current Mhz: 1500, Mhz Limit: 1491
Processor Information for processor 18
  Max Mhz: 2100, Current Mhz: 1500, Mhz Limit: 1491
Processor Information for processor 19
  Max Mhz: 2100, Current Mhz: 1500, Mhz Limit: 1491
Processor Information for processor 20
  Max Mhz: 2100, Current Mhz: 1500, Mhz Limit: 1491
Processor Information for processor 21
  Max Mhz: 2100, Current Mhz: 1500, Mhz Limit: 1491
Processor Information for processor 22
  Max Mhz: 2100, Current Mhz: 1500, Mhz Limit: 1491
Processor Information for processor 23
  Max Mhz: 2100, Current Mhz: 1500, Mhz Limit: 1491
Processor Information for processor 24
  Max Mhz: 2100, Current Mhz: 1500, Mhz Limit: 1491
Processor Information for processor 25
  Max Mhz: 2100, Current Mhz: 1500, Mhz Limit: 1491
Processor Information for processor 26
  Max Mhz: 2100, Current Mhz: 1500, Mhz Limit: 1491
Processor Information for processor 27
  Max Mhz: 2100, Current Mhz: 1500, Mhz Limit: 1491

Memory: 4k page, system-wide physical 16001M (3732M free)
TotalPageFile size 65153M (AvailPageFile size 54M)
current process WorkingSet (physical memory assigned to process): 14M, peak: 14M
current process commit charge ("private bytes"): 86M, peak: 338M

vm_info: Java HotSpot(TM) 64-Bit Server VM (24+36-3646) for windows-amd64 JRE (24+36-3646), built on 2025-02-06T00:20:43Z with MS VC++ 17.6 (VS2022)

END.
